GAMS 27.1.0  r68fbe1a Released Apr 24, 2019 WEX-WEI x86 64bit/MS Windows - 05/07/19 20:03:07 Page 1
G e n e r a l   A l g e b r a i c   M o d e l i n g   S y s t e m
C o m p i l a t i o n


   1   
GAMS 27.1.0  r68fbe1a Released Apr 24, 2019 WEX-WEI x86 64bit/MS Windows - 05/07/19 20:03:07 Page 2
Ejemplo 1
C o m p i l a t i o n


   3   
       
      ENUNCIADO :  minimizar f(x) = 2*x1 + 9*x2 + 3*x3
               2*x1 - 2*x2 - x3 <= 1
               -x1 - 4*x2 + x3 <= -1
               x >= 0
       
  12   
  13  VARIABLES
  14  x1,x2,x3,F;
  15   
  16  POSITIVE VARIABLES
  17  x1,x2,x3;
  18   
  19  EQUATIONS
  20  funcobj,des1,des2;
  21  funcobj.. F =E= 2*x1 + 9*x2 + 3*x3;
  22  des1..    2*x1 - 2*x2 - x3 =L= -1 ;
  23  des2..    -x1 - 4*x2 + x3   =L= -1 ;
  24   
  25  MODEL  ejemplo1 /funcobj,des1,des2/;
  26   
  27  options LP = Cplex;
  28   
  29  SOLVE ejemplo1 using LP minimizing F;
  30   
  31  Display x1.L , x2.L, x3.L , F.L;


COMPILATION TIME     =        0.000 SECONDS      2 MB  27.1.0 r68fbe1a WEX-WEI
GAMS 27.1.0  r68fbe1a Released Apr 24, 2019 WEX-WEI x86 64bit/MS Windows - 05/07/19 20:03:07 Page 3
Ejemplo 1
Equation Listing    SOLVE ejemplo1 Using LP From line 29


---- funcobj  =E=  

funcobj..  - 2*x1 - 9*x2 - 3*x3 + F =E= 0 ; (LHS = 0)
     

---- des1  =L=  

des1..  2*x1 - 2*x2 - x3 =L= -1 ; (LHS = 0, INFES = 1 ****)
     

---- des2  =L=  

des2..  - x1 - 4*x2 + x3 =L= -1 ; (LHS = 0, INFES = 1 ****)
     
GAMS 27.1.0  r68fbe1a Released Apr 24, 2019 WEX-WEI x86 64bit/MS Windows - 05/07/19 20:03:07 Page 4
Ejemplo 1
Column Listing      SOLVE ejemplo1 Using LP From line 29


---- x1  

x1
                (.LO, .L, .UP, .M = 0, 0, +INF, 0)
       -2       funcobj
        2       des1
       -1       des2


---- x2  

x2
                (.LO, .L, .UP, .M = 0, 0, +INF, 0)
       -9       funcobj
       -2       des1
       -4       des2


---- x3  

x3
                (.LO, .L, .UP, .M = 0, 0, +INF, 0)
       -3       funcobj
       -1       des1
        1       des2


---- F  

F
                (.LO, .L, .UP, .M = -INF, 0, +INF, 0)
        1       funcobj

GAMS 27.1.0  r68fbe1a Released Apr 24, 2019 WEX-WEI x86 64bit/MS Windows - 05/07/19 20:03:07 Page 5
Ejemplo 1
Model Statistics    SOLVE ejemplo1 Using LP From line 29


MODEL STATISTICS

BLOCKS OF EQUATIONS           3     SINGLE EQUATIONS            3
BLOCKS OF VARIABLES           4     SINGLE VARIABLES            4
NON ZERO ELEMENTS            10


GENERATION TIME      =        0.015 SECONDS      3 MB  27.1.0 r68fbe1a WEX-WEI


EXECUTION TIME       =        0.015 SECONDS      3 MB  27.1.0 r68fbe1a WEX-WEI
GAMS 27.1.0  r68fbe1a Released Apr 24, 2019 WEX-WEI x86 64bit/MS Windows - 05/07/19 20:03:07 Page 6
Ejemplo 1
Solution Report     SOLVE ejemplo1 Using LP From line 29


               S O L V E      S U M M A R Y

     MODEL   ejemplo1            OBJECTIVE  F
     TYPE    LP                  DIRECTION  MINIMIZE
     SOLVER  CPLEX               FROM LINE  29

**** SOLVER STATUS     1 Normal Completion         
**** MODEL STATUS      1 Optimal                   
**** OBJECTIVE VALUE                4.0000

 RESOURCE USAGE, LIMIT          0.016      1000.000
 ITERATION COUNT, LIMIT         2    2000000000

IBM ILOG CPLEX   27.1.0 r68fbe1a Released Apr 24, 2019 WEI x86 64bit/MS Window
Cplex 12.9.0.0

Space for names approximately 0.00 Mb
Use option 'names no' to turn use of names off
LP status(1): optimal
Cplex Time: 0.00sec (det. 0.00 ticks)
Optimal solution found.
Objective :           4.000000


                           LOWER          LEVEL          UPPER         MARGINAL

---- EQU funcobj             .              .              .             1.0000      
---- EQU des1              -INF           -1.0000        -1.0000        -3.5000      
---- EQU des2              -INF           -1.0000        -1.0000        -0.5000      

                           LOWER          LEVEL          UPPER         MARGINAL

---- VAR x1                  .              .            +INF            8.5000      
---- VAR x2                  .             0.3333        +INF             .          
---- VAR x3                  .             0.3333        +INF             .          
---- VAR F                 -INF            4.0000        +INF             .          


**** REPORT SUMMARY :        0     NONOPT
                             0 INFEASIBLE
                             0  UNBOUNDED
GAMS 27.1.0  r68fbe1a Released Apr 24, 2019 WEX-WEI x86 64bit/MS Windows - 05/07/19 20:03:07 Page 7
Ejemplo 1
E x e c u t i o n


----     31 VARIABLE x1.L                  =        0.000  
            VARIABLE x2.L                  =        0.333  
            VARIABLE x3.L                  =        0.333  
            VARIABLE F.L                   =        4.000  


EXECUTION TIME       =        0.000 SECONDS      3 MB  27.1.0 r68fbe1a WEX-WEI


USER: GAMS Development Corporation, USA              G871201/0000CA-ANY
      Free Demo, +1 202-342-0180, support@gams.com, www.gams.com DC0000


**** FILE SUMMARY

Input      C:\Users\user\Desktop\Universidad\4to semestre\Optimización\Proyecto\proyecto.gms
Output     C:\Users\user\Desktop\Universidad\4to semestre\Optimización\Proyecto\proyecto.lst
